[43240:17836:0817/201658.039:WARNING:kernel_parameter_setter.cc(150)] [KernelParameterSetter] NotifyDoublePinyinSchemeChanged failed, scheme=Sogou status=1
[43240:17836:0817/201658.041:WARNING:t_skinfilemap.cpp(56)] SGRenderLog:CheckUpdate newMem.OpenMem failed, szNewMem:Local\sgime_skin.v18.filemap.sogouime err:系统错误2: 系统找不到指定的文件。  
打开Filemap失败: Local\sgime_skin.v18.filemap.sogouime4777a7497f7
[43240:17836:0817/201658.041:WARNING:t_skinfilemap.cpp(65)] SGRenderLog:CheckUpdate finish: old version:1
[43240:17836:0817/201658.041:WARNING:t_skinfilemap.cpp(67)] SGRenderLog:CheckUpdate finish: new version:18
[43240:17836:0817/201658.202:WARNING:t_skinfilemap.cpp(63)] SGRenderLog:CheckUpdate newMem.OpenMem Suc, szNewMem:Local\sgime_skin.Dpi144.v18.filemap.sogouime
[43240:17836:0817/201658.203:WARNING:t_skinfilemap.cpp(65)] SGRenderLog:CheckUpdate finish: old version:18
[43240:17836:0817/201658.203:WARNING:t_skinfilemap.cpp(67)] SGRenderLog:CheckUpdate finish: new version:18
[42308:30492:0817/201916.250:WARNING:kernel_parameter_setter.cc(150)] [KernelParameterSetter] NotifyDoublePinyinSchemeChanged failed, scheme=Sogou status=1
[42308:30492:0817/201916.250:WARNING:t_skinfilemap.cpp(56)] SGRenderLog:CheckUpdate newMem.OpenMem failed, szNewMem:Local\sgime_skin.v18.filemap.sogouime err:系统错误2: 系统找不到指定的文件。  
打开Filemap失败: Local\sgime_skin.v18.filemap.sogouime4777a7497f7
[42308:30492:0817/201916.250:WARNING:t_skinfilemap.cpp(65)] SGRenderLog:CheckUpdate finish: old version:1
[42308:30492:0817/201916.250:WARNING:t_skinfilemap.cpp(67)] SGRenderLog:CheckUpdate finish: new version:18
[42308:30492:0817/201916.384:WARNING:t_skinfilemap.cpp(63)] SGRenderLog:CheckUpdate newMem.OpenMem Suc, szNewMem:Local\sgime_skin.Dpi144.v18.filemap.sogouime
[42308:30492:0817/201916.384:WARNING:t_skinfilemap.cpp(65)] SGRenderLog:CheckUpdate finish: old version:18
[42308:30492:0817/201916.384:WARNING:t_skinfilemap.cpp(67)] SGRenderLog:CheckUpdate finish: new version:18
[5308:55608:0817/203400.875:WARNING:kernel_parameter_setter.cc(150)] [KernelParameterSetter] NotifyDoublePinyinSchemeChanged failed, scheme=Sogou status=1
[5308:55608:0817/203400.878:WARNING:t_skinfilemap.cpp(56)] SGRenderLog:CheckUpdate newMem.OpenMem failed, szNewMem:Local\sgime_skin.v18.filemap.sogouime err:系统错误2: 系统找不到指定的文件。  
打开Filemap失败: Local\sgime_skin.v18.filemap.sogouime4777a7497f7
[5308:55608:0817/203400.879:WARNING:t_skinfilemap.cpp(65)] SGRenderLog:CheckUpdate finish: old version:1
[5308:55608:0817/203400.879:WARNING:t_skinfilemap.cpp(67)] SGRenderLog:CheckUpdate finish: new version:18
[5308:55608:0817/203400.975:WARNING:t_skinfilemap.cpp(63)] SGRenderLog:CheckUpdate newMem.OpenMem Suc, szNewMem:Local\sgime_skin.Dpi144.v18.filemap.sogouime
[5308:55608:0817/203400.976:WARNING:t_skinfilemap.cpp(65)] SGRenderLog:CheckUpdate finish: old version:18
[5308:55608:0817/203400.976:WARNING:t_skinfilemap.cpp(67)] SGRenderLog:CheckUpdate finish: new version:18
[23864:15768:0817/203444.584:WARNING:kernel_parameter_setter.cc(150)] [KernelParameterSetter] NotifyDoublePinyinSchemeChanged failed, scheme=Sogou status=1
[23864:15768:0817/203444.586:WARNING:t_skinfilemap.cpp(56)] SGRenderLog:CheckUpdate newMem.OpenMem failed, szNewMem:Local\sgime_skin.v18.filemap.sogouime err:系统错误2: 系统找不到指定的文件。  
打开Filemap失败: Local\sgime_skin.v18.filemap.sogouime4777a7497f7
[23864:15768:0817/203444.586:WARNING:t_skinfilemap.cpp(65)] SGRenderLog:CheckUpdate finish: old version:1
[23864:15768:0817/203444.586:WARNING:t_skinfilemap.cpp(67)] SGRenderLog:CheckUpdate finish: new version:18
[23864:15768:0817/203444.649:WARNING:t_skinfilemap.cpp(63)] SGRenderLog:CheckUpdate newMem.OpenMem Suc, szNewMem:Local\sgime_skin.Dpi144.v18.filemap.sogouime
[23864:15768:0817/203444.649:WARNING:t_skinfilemap.cpp(65)] SGRenderLog:CheckUpdate finish: old version:18
[23864:15768:0817/203444.649:WARNING:t_skinfilemap.cpp(67)] SGRenderLog:CheckUpdate finish: new version:18
[9996:49120:0818/082854.294:WARNING:kernel_parameter_setter.cc(150)] [KernelParameterSetter] NotifyDoublePinyinSchemeChanged failed, scheme=Sogou status=1
[9996:49120:0818/082854.302:WARNING:t_skinfilemap.cpp(56)] SGRenderLog:CheckUpdate newMem.OpenMem failed, szNewMem:Local\sgime_skin.v18.filemap.sogouime err:系统错误2: 系统找不到指定的文件。  
打开Filemap失败: Local\sgime_skin.v18.filemap.sogouime4777a7497f7
[9996:49120:0818/082854.302:WARNING:t_skinfilemap.cpp(65)] SGRenderLog:CheckUpdate finish: old version:1
[9996:49120:0818/082854.302:WARNING:t_skinfilemap.cpp(67)] SGRenderLog:CheckUpdate finish: new version:18
[9996:49120:0818/082854.475:WARNING:t_skinfilemap.cpp(63)] SGRenderLog:CheckUpdate newMem.OpenMem Suc, szNewMem:Local\sgime_skin.Dpi144.v18.filemap.sogouime
[9996:49120:0818/082854.475:WARNING:t_skinfilemap.cpp(65)] SGRenderLog:CheckUpdate finish: old version:18
[9996:49120:0818/082854.475:WARNING:t_skinfilemap.cpp(67)] SGRenderLog:CheckUpdate finish: new version:18
[11436:25148:0818/101233.614:WARNING:kernel_parameter_setter.cc(150)] [KernelParameterSetter] NotifyDoublePinyinSchemeChanged failed, scheme=Sogou status=1
[11436:25148:0818/101233.614:WARNING:t_skinfilemap.cpp(56)] SGRenderLog:CheckUpdate newMem.OpenMem failed, szNewMem:Local\sgime_skin.v2.filemap.sogouime err:系统错误2: 系统找不到指定的文件。  
打开Filemap失败: Local\sgime_skin.v2.filemap.sogouime4777a7497f7
[11436:25148:0818/101233.614:WARNING:t_skinfilemap.cpp(65)] SGRenderLog:CheckUpdate finish: old version:1
[11436:25148:0818/101233.614:WARNING:t_skinfilemap.cpp(67)] SGRenderLog:CheckUpdate finish: new version:2
[11436:25148:0818/101233.643:WARNING:t_skinfilemap.cpp(63)] SGRenderLog:CheckUpdate newMem.OpenMem Suc, szNewMem:Local\sgime_skin.Dpi144.v2.filemap.sogouime
[11436:25148:0818/101233.643:WARNING:t_skinfilemap.cpp(65)] SGRenderLog:CheckUpdate finish: old version:2
[11436:25148:0818/101233.643:WARNING:t_skinfilemap.cpp(67)] SGRenderLog:CheckUpdate finish: new version:2
[4884:24828:0818/123442.051:WARNING:kernel_parameter_setter.cc(150)] [KernelParameterSetter] NotifyDoublePinyinSchemeChanged failed, scheme=Sogou status=1
[4884:24828:0818/123442.052:WARNING:t_skinfilemap.cpp(56)] SGRenderLog:CheckUpdate newMem.OpenMem failed, szNewMem:Local\sgime_skin.v3.filemap.sogouime err:系统错误2: 系统找不到指定的文件。  
打开Filemap失败: Local\sgime_skin.v3.filemap.sogouime4777a7497f7
[4884:24828:0818/123442.052:WARNING:t_skinfilemap.cpp(65)] SGRenderLog:CheckUpdate finish: old version:1
[4884:24828:0818/123442.052:WARNING:t_skinfilemap.cpp(67)] SGRenderLog:CheckUpdate finish: new version:3
[4884:24828:0818/123442.077:WARNING:t_skinfilemap.cpp(56)] SGRenderLog:CheckUpdate newMem.OpenMem failed, szNewMem:Local\sgime_skin.Dpi144.v3.filemap.sogouime err:系统错误2: 系统找不到指定的文件。  
打开Filemap失败: Local\sgime_skin.Dpi144.v3.filemap.sogouime4777a7497f7
[4884:24828:0818/123442.077:WARNING:t_skinfilemap.cpp(65)] SGRenderLog:CheckUpdate finish: old version:3
[4884:24828:0818/123442.077:WARNING:t_skinfilemap.cpp(67)] SGRenderLog:CheckUpdate finish: new version:3
[31640:18372:0818/125340.571:WARNING:kernel_parameter_setter.cc(150)] [KernelParameterSetter] NotifyDoublePinyinSchemeChanged failed, scheme=Sogou status=1
[31640:18372:0818/125340.571:WARNING:t_skinfilemap.cpp(56)] SGRenderLog:CheckUpdate newMem.OpenMem failed, szNewMem:Local\sgime_skin.v3.filemap.sogouime err:系统错误2: 系统找不到指定的文件。  
打开Filemap失败: Local\sgime_skin.v3.filemap.sogouime4777a7497f7
[31640:18372:0818/125340.571:WARNING:t_skinfilemap.cpp(65)] SGRenderLog:CheckUpdate finish: old version:1
[31640:18372:0818/125340.571:WARNING:t_skinfilemap.cpp(67)] SGRenderLog:CheckUpdate finish: new version:3
[31640:18372:0818/125340.601:WARNING:t_skinfilemap.cpp(63)] SGRenderLog:CheckUpdate newMem.OpenMem Suc, szNewMem:Local\sgime_skin.Dpi144.v3.filemap.sogouime
[31640:18372:0818/125340.601:WARNING:t_skinfilemap.cpp(65)] SGRenderLog:CheckUpdate finish: old version:3
[31640:18372:0818/125340.601:WARNING:t_skinfilemap.cpp(67)] SGRenderLog:CheckUpdate finish: new version:3
[10640:33140:0818/161107.145:WARNING:kernel_parameter_setter.cc(150)] [KernelParameterSetter] NotifyDoublePinyinSchemeChanged failed, scheme=Sogou status=1
[10640:33140:0818/161107.148:WARNING:t_skinfilemap.cpp(56)] SGRenderLog:CheckUpdate newMem.OpenMem failed, szNewMem:Local\sgime_skin.v3.filemap.sogouime err:系统错误2: 系统找不到指定的文件。  
打开Filemap失败: Local\sgime_skin.v3.filemap.sogouime4777a7497f7
[10640:33140:0818/161107.148:WARNING:t_skinfilemap.cpp(65)] SGRenderLog:CheckUpdate finish: old version:1
[10640:33140:0818/161107.148:WARNING:t_skinfilemap.cpp(67)] SGRenderLog:CheckUpdate finish: new version:3
[10640:33140:0818/161107.245:WARNING:t_skinfilemap.cpp(63)] SGRenderLog:CheckUpdate newMem.OpenMem Suc, szNewMem:Local\sgime_skin.Dpi144.v3.filemap.sogouime
[10640:33140:0818/161107.245:WARNING:t_skinfilemap.cpp(65)] SGRenderLog:CheckUpdate finish: old version:3
[10640:33140:0818/161107.245:WARNING:t_skinfilemap.cpp(67)] SGRenderLog:CheckUpdate finish: new version:3
[35772:26384:0818/161407.852:WARNING:kernel_parameter_setter.cc(150)] [KernelParameterSetter] NotifyDoublePinyinSchemeChanged failed, scheme=Sogou status=1
[35772:26384:0818/161407.854:WARNING:t_skinfilemap.cpp(56)] SGRenderLog:CheckUpdate newMem.OpenMem failed, szNewMem:Local\sgime_skin.v3.filemap.sogouime err:系统错误2: 系统找不到指定的文件。  
打开Filemap失败: Local\sgime_skin.v3.filemap.sogouime4777a7497f7
[35772:26384:0818/161407.854:WARNING:t_skinfilemap.cpp(65)] SGRenderLog:CheckUpdate finish: old version:1
[35772:26384:0818/161407.854:WARNING:t_skinfilemap.cpp(67)] SGRenderLog:CheckUpdate finish: new version:3
[35772:26384:0818/161407.956:WARNING:t_skinfilemap.cpp(63)] SGRenderLog:CheckUpdate newMem.OpenMem Suc, szNewMem:Local\sgime_skin.Dpi144.v3.filemap.sogouime
[35772:26384:0818/161407.956:WARNING:t_skinfilemap.cpp(65)] SGRenderLog:CheckUpdate finish: old version:3
[35772:26384:0818/161407.956:WARNING:t_skinfilemap.cpp(67)] SGRenderLog:CheckUpdate finish: new version:3
[5796:20748:0818/161614.914:WARNING:kernel_parameter_setter.cc(150)] [KernelParameterSetter] NotifyDoublePinyinSchemeChanged failed, scheme=Sogou status=1
[5796:20748:0818/161614.915:WARNING:t_skinfilemap.cpp(56)] SGRenderLog:CheckUpdate newMem.OpenMem failed, szNewMem:Local\sgime_skin.v3.filemap.sogouime err:系统错误2: 系统找不到指定的文件。  
打开Filemap失败: Local\sgime_skin.v3.filemap.sogouime4777a7497f7
[5796:20748:0818/161614.915:WARNING:t_skinfilemap.cpp(65)] SGRenderLog:CheckUpdate finish: old version:1
[5796:20748:0818/161614.915:WARNING:t_skinfilemap.cpp(67)] SGRenderLog:CheckUpdate finish: new version:3
[5796:20748:0818/161614.956:WARNING:t_skinfilemap.cpp(63)] SGRenderLog:CheckUpdate newMem.OpenMem Suc, szNewMem:Local\sgime_skin.Dpi144.v3.filemap.sogouime
[5796:20748:0818/161614.956:WARNING:t_skinfilemap.cpp(65)] SGRenderLog:CheckUpdate finish: old version:3
[5796:20748:0818/161614.956:WARNING:t_skinfilemap.cpp(67)] SGRenderLog:CheckUpdate finish: new version:3
[30576:36920:0818/162257.963:WARNING:kernel_parameter_setter.cc(150)] [KernelParameterSetter] NotifyDoublePinyinSchemeChanged failed, scheme=Sogou status=1
[30576:36920:0818/162257.963:WARNING:t_skinfilemap.cpp(56)] SGRenderLog:CheckUpdate newMem.OpenMem failed, szNewMem:Local\sgime_skin.v3.filemap.sogouime err:系统错误2: 系统找不到指定的文件。  
打开Filemap失败: Local\sgime_skin.v3.filemap.sogouime4777a7497f7
[30576:36920:0818/162257.963:WARNING:t_skinfilemap.cpp(65)] SGRenderLog:CheckUpdate finish: old version:1
[30576:36920:0818/162257.963:WARNING:t_skinfilemap.cpp(67)] SGRenderLog:CheckUpdate finish: new version:3
[30576:36920:0818/162258.012:WARNING:t_skinfilemap.cpp(63)] SGRenderLog:CheckUpdate newMem.OpenMem Suc, szNewMem:Local\sgime_skin.Dpi144.v3.filemap.sogouime
[30576:36920:0818/162258.012:WARNING:t_skinfilemap.cpp(65)] SGRenderLog:CheckUpdate finish: old version:3
[30576:36920:0818/162258.012:WARNING:t_skinfilemap.cpp(67)] SGRenderLog:CheckUpdate finish: new version:3
[4748:34372:0818/162748.629:WARNING:kernel_parameter_setter.cc(150)] [KernelParameterSetter] NotifyDoublePinyinSchemeChanged failed, scheme=Sogou status=1
[4748:34372:0818/162748.629:WARNING:t_skinfilemap.cpp(56)] SGRenderLog:CheckUpdate newMem.OpenMem failed, szNewMem:Local\sgime_skin.v3.filemap.sogouime err:系统错误2: 系统找不到指定的文件。  
打开Filemap失败: Local\sgime_skin.v3.filemap.sogouime4777a7497f7
[4748:34372:0818/162748.629:WARNING:t_skinfilemap.cpp(65)] SGRenderLog:CheckUpdate finish: old version:1
[4748:34372:0818/162748.629:WARNING:t_skinfilemap.cpp(67)] SGRenderLog:CheckUpdate finish: new version:3
[4748:34372:0818/162748.670:WARNING:t_skinfilemap.cpp(63)] SGRenderLog:CheckUpdate newMem.OpenMem Suc, szNewMem:Local\sgime_skin.Dpi144.v3.filemap.sogouime
[4748:34372:0818/162748.670:WARNING:t_skinfilemap.cpp(65)] SGRenderLog:CheckUpdate finish: old version:3
[4748:34372:0818/162748.670:WARNING:t_skinfilemap.cpp(67)] SGRenderLog:CheckUpdate finish: new version:3
[34888:21632:0818/171438.238:WARNING:kernel_parameter_setter.cc(150)] [KernelParameterSetter] NotifyDoublePinyinSchemeChanged failed, scheme=Sogou status=1
[34888:21632:0818/171438.240:WARNING:t_skinfilemap.cpp(56)] SGRenderLog:CheckUpdate newMem.OpenMem failed, szNewMem:Local\sgime_skin.v3.filemap.sogouime err:系统错误2: 系统找不到指定的文件。  
打开Filemap失败: Local\sgime_skin.v3.filemap.sogouime4777a7497f7
[34888:21632:0818/171438.240:WARNING:t_skinfilemap.cpp(65)] SGRenderLog:CheckUpdate finish: old version:1
[34888:21632:0818/171438.240:WARNING:t_skinfilemap.cpp(67)] SGRenderLog:CheckUpdate finish: new version:3
[34888:21632:0818/171438.281:WARNING:t_skinfilemap.cpp(63)] SGRenderLog:CheckUpdate newMem.OpenMem Suc, szNewMem:Local\sgime_skin.Dpi144.v3.filemap.sogouime
[34888:21632:0818/171438.281:WARNING:t_skinfilemap.cpp(65)] SGRenderLog:CheckUpdate finish: old version:3
[34888:21632:0818/171438.281:WARNING:t_skinfilemap.cpp(67)] SGRenderLog:CheckUpdate finish: new version:3
[30236:2664:0818/175110.106:WARNING:kernel_parameter_setter.cc(150)] [KernelParameterSetter] NotifyDoublePinyinSchemeChanged failed, scheme=Sogou status=1
[30236:2664:0818/175110.107:WARNING:t_skinfilemap.cpp(56)] SGRenderLog:CheckUpdate newMem.OpenMem failed, szNewMem:Local\sgime_skin.v3.filemap.sogouime err:系统错误2: 系统找不到指定的文件。  
打开Filemap失败: Local\sgime_skin.v3.filemap.sogouime4777a7497f7
[30236:2664:0818/175110.107:WARNING:t_skinfilemap.cpp(65)] SGRenderLog:CheckUpdate finish: old version:1
[30236:2664:0818/175110.107:WARNING:t_skinfilemap.cpp(67)] SGRenderLog:CheckUpdate finish: new version:3
[30236:2664:0818/175110.148:WARNING:t_skinfilemap.cpp(63)] SGRenderLog:CheckUpdate newMem.OpenMem Suc, szNewMem:Local\sgime_skin.Dpi144.v3.filemap.sogouime
[30236:2664:0818/175110.148:WARNING:t_skinfilemap.cpp(65)] SGRenderLog:CheckUpdate finish: old version:3
[30236:2664:0818/175110.148:WARNING:t_skinfilemap.cpp(67)] SGRenderLog:CheckUpdate finish: new version:3
[26280:6456:0818/175309.340:WARNING:kernel_parameter_setter.cc(150)] [KernelParameterSetter] NotifyDoublePinyinSchemeChanged failed, scheme=Sogou status=1
[26280:6456:0818/175309.341:WARNING:t_skinfilemap.cpp(56)] SGRenderLog:CheckUpdate newMem.OpenMem failed, szNewMem:Local\sgime_skin.v3.filemap.sogouime err:系统错误2: 系统找不到指定的文件。  
打开Filemap失败: Local\sgime_skin.v3.filemap.sogouime4777a7497f7
[26280:6456:0818/175309.341:WARNING:t_skinfilemap.cpp(65)] SGRenderLog:CheckUpdate finish: old version:1
[26280:6456:0818/175309.341:WARNING:t_skinfilemap.cpp(67)] SGRenderLog:CheckUpdate finish: new version:3
[26280:6456:0818/175309.382:WARNING:t_skinfilemap.cpp(63)] SGRenderLog:CheckUpdate newMem.OpenMem Suc, szNewMem:Local\sgime_skin.Dpi144.v3.filemap.sogouime
[26280:6456:0818/175309.382:WARNING:t_skinfilemap.cpp(65)] SGRenderLog:CheckUpdate finish: old version:3
[26280:6456:0818/175309.382:WARNING:t_skinfilemap.cpp(67)] SGRenderLog:CheckUpdate finish: new version:3
[5184:38268:0819/085947.761:WARNING:kernel_parameter_setter.cc(150)] [KernelParameterSetter] NotifyDoublePinyinSchemeChanged failed, scheme=Sogou status=1
[5184:38268:0819/085947.761:WARNING:t_skinfilemap.cpp(56)] SGRenderLog:CheckUpdate newMem.OpenMem failed, szNewMem:Local\sgime_skin.v4.filemap.sogouime err:系统错误2: 系统找不到指定的文件。  
打开Filemap失败: Local\sgime_skin.v4.filemap.sogouime4777a7497f7
[5184:38268:0819/085947.761:WARNING:t_skinfilemap.cpp(65)] SGRenderLog:CheckUpdate finish: old version:1
[5184:38268:0819/085947.761:WARNING:t_skinfilemap.cpp(67)] SGRenderLog:CheckUpdate finish: new version:4
[5184:38268:0819/085947.805:WARNING:t_skinfilemap.cpp(63)] SGRenderLog:CheckUpdate newMem.OpenMem Suc, szNewMem:Local\sgime_skin.Dpi144.v4.filemap.sogouime
[5184:38268:0819/085947.805:WARNING:t_skinfilemap.cpp(65)] SGRenderLog:CheckUpdate finish: old version:4
[5184:38268:0819/085947.805:WARNING:t_skinfilemap.cpp(67)] SGRenderLog:CheckUpdate finish: new version:4
